Microchip MPLAB XC8 Compiler V1.35 ()

Linker command line:

--edf=C:\Program Files (x86)\Microchip\xc8\v1.35\dat\en_msgs.txt -cs \
  -h+dist/default/production\Labs.X.production.sym \
  --cmf=dist/default/production\Labs.X.production.cmf -z -Q18F4331 \
  -oC:\Users\GR1514\AppData\Local\Temp\s954.2 \
  -Mdist/default/production/Labs.X.production.map -E1 -ver=XC8 \
  -ASTACK=060h-02ffh -pstack=STACK -ACODE=00h-01FFFh -ACONST=00h-01FFFh \
  -ASMALLCONST=0300h-03FFhx29 -AMEDIUMCONST=0300h-01FFFh -ACOMRAM=01h-05Fh \
  -AABS1=00h-02FFh -ABIGRAM=01h-02FFh -ARAM=060h-0FFh,0100h-01FFhx2 \
  -ABANK0=060h-0FFh -ABANK1=0100h-01FFh -ABANK2=0200h-02FFh \
  -ASFR=0F60h-0FFFh -preset_vec=00h,intcode,intcodelo,powerup,init,end_init \
  -pramtop=0300h -psmallconst=SMALLCONST -pmediumconst=MEDIUMCONST \
  -pconst=CONST -AFARRAM=00h-00h -ACONFIG=0300000h-030000Dh -pconfig=CONFIG \
  -AIDLOC=0200000h-0200007h -pidloc=IDLOC -AEEDATA=0F00000h-0F000FFh \
  -peeprom_data=EEDATA \
  -prdata=COMRAM,nvrram=COMRAM,nvbit=COMRAM,rbss=COMRAM,rbit=COMRAM \
  -pfarbss=FARRAM,fardata=FARRAM,nvFARRAM=FARRAM \
  -pintsave_regs=BIGRAM,bigbss=BIGRAM,bigdata=BIGRAM -pbss=RAM \
  -pidata=CODE,irdata=CODE,ibigdata=CODE,ifardata=CODE -prparam=COMRAM \
  C:\Users\GR1514\AppData\Local\Temp\s954.obj \
  dist/default/production\Labs.X.production.obj 

Object code version is 3.11

Machine type is 18F4331

Call graph: (short form)




                Name                               Link     Load   Length Selector   Space Scale
C:\Users\GR1514\AppData\Local\Temp\s954.obj
                end_init                              0        0        4        0       0
                idloc                            200000   200000        8   200000       0
                config                           300000   300000        E   300000       0
dist/default/production\Labs.X.production.obj
                text2                              1F4C     1F4C       B4      FA6       0
                text1                              1EE0     1EE0       24      F70       0
                text0                              1F04     1F04       48      F82       0
                cstackCOMRAM                          1        1        7        1       1
                cinit                              1EDA     1EDA        6      F6D       0

TOTAL           Name                               Link     Load   Length     Space
        CLASS   STACK          

        CLASS   CODE           
                end_init                              0        0        4         0
                text2                              1F4C     1F4C       B4         0
                text1                              1EE0     1EE0       24         0
                text0                              1F04     1F04       48         0
                cinit                              1EDA     1EDA        6         0

        CLASS   CONST          

        CLASS   SMALLCONST     

        CLASS   MEDIUMCONST    

        CLASS   COMRAM         
                cstackCOMRAM                          1        1        7         1

        CLASS   ABS1           

        CLASS   BIGRAM         

        CLASS   RAM            

        CLASS   BANK0          

        CLASS   BANK1          

        CLASS   BANK2          

        CLASS   SFR            

        CLASS   FARRAM         

        CLASS   CONFIG         
                config                           300000   300000        E         0

        CLASS   IDLOC          
                idloc                            200000   200000        8         0

        CLASS   EEDATA         



SEGMENTS        Name                           Load    Length   Top    Selector   Space  Class

                reset_vec                      000000  000004  000004         0       0  CODE    
                cstackCOMRAM                   000001  000007  000008         1       1  COMRAM  
                cinit                          001EDA  000006  001EE0       F6D       0  CODE    
                text1                          001EE0  000024  001F04       F70       0  CODE    
                text0                          001F04  000048  001F4C       F82       0  CODE    
                text2                          001F4C  0000B4  002000       FA6       0  CODE    
                idloc                          200000  000008  200008    200000       0  IDLOC   
                config                         300000  00000E  30000E    300000       0  CONFIG  


UNUSED ADDRESS RANGES

        Name                Unused          Largest block    Delta
        BANK0            000060-0000FF               A0
        BANK1            000100-0001FF              100
        BANK2            000200-0002FF              100
        BIGRAM           000008-0002FF              2F8
        CODE             000004-001ED9             1ED6
        COMRAM           000008-00005F               58
        CONST            000004-001ED9             1ED6
        EEDATA           F00000-F000FF              100
        MEDIUMCONST      000300-001ED9             1BDA
        RAM              000060-0002FF              100
        SFR              000F60-000FFF               A0
        SMALLCONST       000300-001ED9              100
        STACK            000060-0002FF              2A0

                                  Symbol Table

LEDout@number            cstackCOMRAM 000001
_LATC                    (abs)        000F8B
_LATCbits                (abs)        000F8B
_LATD                    (abs)        000F8C
_LATDbits                (abs)        000F8C
_LEDout                  text2        001F4C
_TRISC                   (abs)        000F94
_TRISD                   (abs)        000F95
__HRAM                   (abs)        000000
__Habs1                  abs1         000000
__Hbank0                 bank0        000000
__Hbank1                 bank1        000000
__Hbank2                 bank2        000000
__Hbigbss                bigbss       000000
__Hbigdata               bigdata      000000
__Hbigram                bigram       000000
__Hbss                   bss          000000
__Hcinit                 cinit        000000
__Hclrtext               clrtext      000000
__Hcomram                comram       000000
__Hconfig                config       30000E
__Hconst                 const        000000
__HcstackCOMRAM          cstackCOMRAM 000000
__Hdata                  data         000000
__Heeprom_data           eeprom_data  000000
__Hend_init              end_init     000004
__Hfarbss                farbss       000000
__Hfardata               fardata      000000
__Hibigdata              ibigdata     000000
__Hidata                 idata        000000
__Hidloc                 idloc        200008
__Hifardata              ifardata     000000
__Hinit                  init         000000
__Hintcode               intcode      000000
__Hintcode_body          intcode_body 000000
__Hintcodelo             intcodelo    000000
__Hintentry              intentry     000000
__Hintret                intret       000000
__Hintsave_regs          intsave_regs 000000
__Hirdata                irdata       000000
__Hmediumconst           mediumconst  000000
__HnvFARRAM              nvFARRAM     000000
__Hnvbit                 nvbit        000000
__Hnvrram                nvrram       000000
__Hparam                 rparam       000000
__Hpowerup               powerup      000000
__Hram                   ram          000000
__Hramtop                ramtop       000300
__Hrbit                  rbit         000000
__Hrbss                  rbss         000000
__Hrdata                 rdata        000000
__Hreset_vec             reset_vec    000000
__Hrparam                rparam       000000
__Hsfr                   sfr          000000
__Hsmallconst            smallconst   000000
__Hspace_0               (abs)        30000E
__Hspace_1               (abs)        000008
__Hspace_2               (abs)        000000
__Hstack                 stack        000000
__Hstruct                struct       000000
__Htemp                  temp         000000
__Htext                  text         000000
__Htext0                 text0        000000
__Htext1                 text1        000000
__Htext2                 text2        000000
__LRAM                   (abs)        000001
__Labs1                  abs1         000000
__Lbank0                 bank0        000000
__Lbank1                 bank1        000000
__Lbank2                 bank2        000000
__Lbigbss                bigbss       000000
__Lbigdata               bigdata      000000
__Lbigram                bigram       000000
__Lbss                   bss          000000
__Lcinit                 cinit        000000
__Lclrtext               clrtext      000000
__Lcomram                comram       000000
__Lconfig                config       300000
__Lconst                 const        000000
__LcstackCOMRAM          cstackCOMRAM 000000
__Ldata                  data         000000
__Leeprom_data           eeprom_data  000000
__Lend_init              end_init     000000
__Lfarbss                farbss       000000
__Lfardata               fardata      000000
__Libigdata              ibigdata     000000
__Lidata                 idata        000000
__Lidloc                 idloc        200000
__Lifardata              ifardata     000000
__Linit                  init         000000
__Lintcode               intcode      000000
__Lintcode_body          intcode_body 000000
__Lintcodelo             intcodelo    000000
__Lintentry              intentry     000000
__Lintret                intret       000000
__Lintsave_regs          intsave_regs 000000
__Lirdata                irdata       000000
__Lmediumconst           mediumconst  000000
__LnvFARRAM              nvFARRAM     000000
__Lnvbit                 nvbit        000000
__Lnvrram                nvrram       000000
__Lparam                 rparam       000000
__Lpowerup               powerup      000000
__Lram                   ram          000000
__Lramtop                ramtop       000300
__Lrbit                  rbit         000000
__Lrbss                  rbss         000000
__Lrdata                 rdata        000000
__Lreset_vec             reset_vec    000000
__Lrparam                rparam       000000
__Lsfr                   sfr          000000
__Lsmallconst            smallconst   000000
__Lspace_0               (abs)        000000
__Lspace_1               (abs)        000000
__Lspace_2               (abs)        000000
__Lstack                 stack        000000
__Lstruct                struct       000000
__Ltemp                  temp         000000
__Ltext                  text         000000
__Ltext0                 text0        000000
__Ltext1                 text1        000000
__Ltext2                 text2        000000
__S0                     (abs)        30000E
__S1                     (abs)        000008
__S2                     (abs)        000000
___inthi_sp              stack        000000
___intlo_sp              stack        000000
___param_bank            (abs)        000010
___rparam_used           (abs)        000001
___sp                    stack        000000
__accesstop              (abs)        000060
__activetblptr           (abs)        000000
__end_of_LEDout          text2        002000
__end_of__initialization cinit        001EDA
__end_of_delay           text1        001F04
__end_of_main            text0        001F4C
__initialization         cinit        001EDA
__mediumconst            mediumconst  000000
__pcinit                 cinit        001EDA
__pcstackCOMRAM          cstackCOMRAM 000001
__ptext0                 text0        001F04
__ptext1                 text1        001EE0
__ptext2                 text2        001F4C
__ramtop                 ramtop       000300
__size_of_LEDout         (abs)        000000
__size_of_delay          (abs)        000000
__size_of_main           (abs)        000000
__smallconst             smallconst   000000
_delay                   text1        001EE0
_main                    text0        001F04
delay@t                  cstackCOMRAM 000001
delay@x                  cstackCOMRAM 000004
end_of_initialization    cinit        001EDA
intlevel0                text         000000
intlevel1                text         000000
intlevel2                text         000000
intlevel3                text         000000
main@a                   cstackCOMRAM 000006
stackhi                  (abs)        0002FF
stacklo                  (abs)        000060
start                    init         000000
start_initialization     cinit        001EDA


FUNCTION INFORMATION:

 *************** function _main *****************
 Defined at:
		line 37 in file "lab2_binaryCounter.c"
 Parameters:    Size  Location     Type
		None
 Auto vars:     Size  Location     Type
  a               2    5[COMRAM] int 
 Return value:  Size  Location     Type
		None               void
 Registers used:
		wreg, status,2, status,0, cstack
 Tracked objects:
		On entry : 
		On exit  : 
		Unchanged: 
 Data sizes:     COMRAM   BANK0   BANK1   BANK2
      Params:         0       0       0       0
      Locals:         2       0       0       0
      Temps:          0       0       0       0
      Totals:         2       0       0       0
Total ram usage:        2 bytes
 Hardware stack levels required when called:    1
 This function calls:
		_LEDout
		_delay
 This function is called by:
		Startup code after reset
 This function uses a non-reentrant model


 *************** function _delay *****************
 Defined at:
		line 6 in file "lab2_binaryCounter.c"
 Parameters:    Size  Location     Type
  t               2    0[COMRAM] int 
 Auto vars:     Size  Location     Type
  x               2    3[COMRAM] int 
 Return value:  Size  Location     Type
		None               void
 Registers used:
		wreg, status,2, status,0
 Tracked objects:
		On entry : 
		On exit  : 
		Unchanged: 
 Data sizes:     COMRAM   BANK0   BANK1   BANK2
      Params:         2       0       0       0
      Locals:         2       0       0       0
      Temps:          1       0       0       0
      Totals:         5       0       0       0
Total ram usage:        5 bytes
 Hardware stack levels used:    1
 This function calls:
		Nothing
 This function is called by:
		_main
 This function uses a non-reentrant model


 *************** function _LEDout *****************
 Defined at:
		line 19 in file "lab2_binaryCounter.c"
 Parameters:    Size  Location     Type
  number          2    0[COMRAM] int 
 Auto vars:     Size  Location     Type
		None
 Return value:  Size  Location     Type
		None               void
 Registers used:
		wreg, status,2, status,0
 Tracked objects:
		On entry : 
		On exit  : 
		Unchanged: 
 Data sizes:     COMRAM   BANK0   BANK1   BANK2
      Params:         2       0       0       0
      Locals:         0       0       0       0
      Temps:          1       0       0       0
      Totals:         3       0       0       0
Total ram usage:        3 bytes
 Hardware stack levels used:    1
 This function calls:
		Nothing
 This function is called by:
		_main
 This function uses a non-reentrant model



MODULE INFORMATION

Module		Function		Class		Link	Load	Size
lab2_binaryCounter.c
		_delay         		CODE           	1EE0	0000	37
		_main          		CODE           	1F04	0000	73
		_LEDout        		CODE           	1F4C	0000	181

lab2_binaryCounter.c estimated size: 291

shared
		__initialization		CODE           	1EDA	0000	1

shared estimated size: 1

