Microchip MPLAB XC8 Compiler V1.35 ()

Linker command line:

--edf=C:\Program Files (x86)\Microchip\xc8\v1.35\dat\en_msgs.txt -cs \
  -h+dist/default/production\Lab3.X.production.sym \
  --cmf=dist/default/production\Lab3.X.production.cmf -z -Q18F4431 \
  -oC:\Users\GR1514\AppData\Local\Temp\s87g.2 \
  -Mdist/default/production/Lab3.X.production.map -E1 -ver=XC8 \
  -ASTACK=060h-02ffh -pstack=STACK -ACODE=00h-03FFFh -ACONST=00h-03FFFh \
  -ASMALLCONST=0300h-03FFhx61 -AMEDIUMCONST=0300h-03FFFh -ACOMRAM=01h-05Fh \
  -AABS1=00h-02FFh -ABIGRAM=01h-02FFh -ARAM=060h-0FFh,0100h-01FFhx2 \
  -ABANK0=060h-0FFh -ABANK1=0100h-01FFh -ABANK2=0200h-02FFh \
  -ASFR=0F60h-0FFFh \
  -preset_vec=00h,intcode=08h,intcodelo,powerup,init,end_init \
  -pramtop=0300h -psmallconst=SMALLCONST -pmediumconst=MEDIUMCONST \
  -pconst=CONST -AFARRAM=00h-00h -ACONFIG=0300000h-030000Dh -pconfig=CONFIG \
  -AIDLOC=0200000h-0200007h -pidloc=IDLOC -AEEDATA=0F00000h-0F000FFh \
  -peeprom_data=EEDATA \
  -prdata=COMRAM,nvrram=COMRAM,nvbit=COMRAM,rbss=COMRAM,rbit=COMRAM \
  -pfarbss=FARRAM,fardata=FARRAM,nvFARRAM=FARRAM \
  -pintsave_regs=BIGRAM,bigbss=BIGRAM,bigdata=BIGRAM -pbss=RAM \
  -pidata=CODE,irdata=CODE,ibigdata=CODE,ifardata=CODE -prparam=COMRAM \
  C:\Users\GR1514\AppData\Local\Temp\s87g.obj \
  dist/default/production\Lab3.X.production.obj 

Object code version is 3.11

Machine type is 18F4431

Call graph: (short form)




                Name                               Link     Load   Length Selector   Space Scale
C:\Users\GR1514\AppData\Local\Temp\s87g.obj
                end_init                            1B8      1B8        4        4       0
                reset_vec                             0        0        4        0       0
                idloc                            200000   200000        8   200000       0
                config                           300000   300000        E   300000       0
dist/default/production\Lab3.X.production.obj
                intcode                               8        8      1B0        4       0
                temp                                 28       28        1        1       1
                text3                               240      240       54        4       0
                text2                               1BC      1BC       84        4       0
                text0                               294      294       48        4       0
                cstackCOMRAM                          1        1       19        1       1
                dataCOMRAM                           26       26        2        1       1
                bssCOMRAM                            1A       1A        C        1       1
                cinit                               2DC      2DC       2E        4       0
                idataCOMRAM                         30A      30A        2        4       0

TOTAL           Name                               Link     Load   Length     Space
        CLASS   STACK          

        CLASS   CODE           
                end_init                            1B8      1B8        4         0
                intcode                               8        8      1B0         0
                reset_vec                             0        0        4         0
                text3                               240      240       54         0
                text2                               1BC      1BC       84         0
                text0                               294      294       48         0
                cinit                               2DC      2DC       2E         0
                idataCOMRAM                         30A      30A        2         0

        CLASS   CONST          

        CLASS   SMALLCONST     

        CLASS   MEDIUMCONST    

        CLASS   COMRAM         
                temp                                 28       28        1         1
                cstackCOMRAM                          1        1       19         1
                dataCOMRAM                           26       26        2         1
                bssCOMRAM                            1A       1A        C         1

        CLASS   ABS1           

        CLASS   BIGRAM         

        CLASS   RAM            

        CLASS   BANK0          

        CLASS   BANK1          

        CLASS   BANK2          

        CLASS   SFR            

        CLASS   FARRAM         

        CLASS   CONFIG         
                config                           300000   300000        E         0

        CLASS   IDLOC          
                idloc                            200000   200000        8         0

        CLASS   EEDATA         



SEGMENTS        Name                           Load    Length   Top    Selector   Space  Class

                reset_vec                      000000  000004  000004         0       0  CODE    
                cstackCOMRAM                   000001  000028  000029         1       1  COMRAM  
                intcode                        000008  000304  00030C         4       0  CODE    
                idloc                          200000  000008  200008    200000       0  IDLOC   
                config                         300000  00000E  30000E    300000       0  CONFIG  


UNUSED ADDRESS RANGES

        Name                Unused          Largest block    Delta
        BANK0            000060-0000FF               A0
        BANK1            000100-0001FF              100
        BANK2            000200-0002FF              100
        BIGRAM           000029-0002FF              2D7
        CODE             000004-000007                4
                         00030C-003FFF             3CF4
        COMRAM           000029-00005F               37
        CONST            000004-000007                4
                         00030C-003FFF             3CF4
        EEDATA           F00000-F000FF              100
        MEDIUMCONST      00030C-003FFF             3CF4
        RAM              000060-0002FF              100
        SFR              000F60-000FFF               A0
        SMALLCONST       00030C-003FFF              100
        STACK            000060-0002FF              2A0

                                  Symbol Table

?___awdiv                      cstackCOMRAM 000001
LEDout10@number                cstackCOMRAM 000001
_ADCON0                        (abs)        000FC2
_ADCON0bits                    (abs)        000FC2
_ADCON1                        (abs)        000FC1
_ADCON2                        (abs)        000FC0
_ADRESH                        (abs)        000FC4
_ADRESL                        (abs)        000FC3
_ADResult                      bssCOMRAM    00001A
_ADResultOld                   bssCOMRAM    00001C
_ANSEL0                        (abs)        000FB8
_ANSEL1                        (abs)        000FB9
_INTCON2bits                   (abs)        000FF1
_INTCONbits                    (abs)        000FF2
_InterruptHandlerHigh          intcode      000008
_LATC                          (abs)        000F8B
_LATD                          (abs)        000F8C
_LEDout10                      text3        000240
_OSCCON                        (abs)        000FD3
_OSCCONbits                    (abs)        000FD3
_T0CONbits                     (abs)        000FD5
_TRISA                         (abs)        000F92
_TRISC                         (abs)        000F94
_TRISD                         (abs)        000F95
__CFG_OSC$IRCIO                (abs)        000000
__CFG_WDTEN$OFF                (abs)        000000
__HRAM                         (abs)        000000
__Habs1                        abs1         000000
__Hbank0                       bank0        000000
__Hbank1                       bank1        000000
__Hbank2                       bank2        000000
__Hbigbss                      bigbss       000000
__Hbigdata                     bigdata      000000
__Hbigram                      bigram       000000
__Hbss                         bss          000000
__HbssCOMRAM                   bssCOMRAM    000000
__Hcinit                       cinit        000000
__Hclrtext                     clrtext      000000
__Hcomram                      comram       000000
__Hconfig                      config       30000E
__Hconst                       const        000000
__HcstackCOMRAM                cstackCOMRAM 000000
__Hdata                        data         000000
__HdataCOMRAM                  dataCOMRAM   000000
__Heeprom_data                 eeprom_data  000000
__Hend_init                    end_init     0001BC
__Hfarbss                      farbss       000000
__Hfardata                     fardata      000000
__Hibigdata                    ibigdata     000000
__Hidata                       idata        000000
__HidataCOMRAM                 idataCOMRAM  000000
__Hidloc                       idloc        200008
__Hifardata                    ifardata     000000
__Hinit                        init         0001B8
__Hintcode                     intcode      0001B8
__Hintcode_body                intcode_body 000000
__Hintcodelo                   intcodelo    0001B8
__Hintentry                    intentry     000000
__Hintret                      intret       000000
__Hintsave_regs                intsave_regs 000000
__Hirdata                      irdata       000000
__Hmediumconst                 mediumconst  000000
__HnvFARRAM                    nvFARRAM     000000
__Hnvbit                       nvbit        000000
__Hnvrram                      nvrram       000000
__Hparam                       rparam       000000
__Hpowerup                     powerup      0001B8
__Hram                         ram          000000
__Hramtop                      ramtop       000300
__Hrbit                        rbit         000000
__Hrbss                        rbss         000000
__Hrdata                       rdata        000000
__Hreset_vec                   reset_vec    000004
__Hrparam                      rparam       000000
__Hsfr                         sfr          000000
__Hsmallconst                  smallconst   000000
__Hspace_0                     (abs)        30000E
__Hspace_1                     (abs)        000029
__Hspace_2                     (abs)        000000
__Hstack                       stack        000000
__Hstruct                      struct       000000
__Htemp                        temp         000029
__Htext                        text         000000
__Htext0                       text0        000000
__Htext2                       text2        000000
__Htext3                       text3        000000
__LRAM                         (abs)        000001
__Labs1                        abs1         000000
__Lbank0                       bank0        000000
__Lbank1                       bank1        000000
__Lbank2                       bank2        000000
__Lbigbss                      bigbss       000000
__Lbigdata                     bigdata      000000
__Lbigram                      bigram       000000
__Lbss                         bss          000000
__LbssCOMRAM                   bssCOMRAM    000000
__Lcinit                       cinit        000000
__Lclrtext                     clrtext      000000
__Lcomram                      comram       000000
__Lconfig                      config       300000
__Lconst                       const        000000
__LcstackCOMRAM                cstackCOMRAM 000000
__Ldata                        data         000000
__LdataCOMRAM                  dataCOMRAM   000000
__Leeprom_data                 eeprom_data  000000
__Lend_init                    end_init     0001B8
__Lfarbss                      farbss       000000
__Lfardata                     fardata      000000
__Libigdata                    ibigdata     000000
__Lidata                       idata        000000
__LidataCOMRAM                 idataCOMRAM  000000
__Lidloc                       idloc        200000
__Lifardata                    ifardata     000000
__Linit                        init         0001B8
__Lintcode                     intcode      000008
__Lintcode_body                intcode_body 000000
__Lintcodelo                   intcodelo    0001B8
__Lintentry                    intentry     000000
__Lintret                      intret       000000
__Lintsave_regs                intsave_regs 000000
__Lirdata                      irdata       000000
__Lmediumconst                 mediumconst  000000
__LnvFARRAM                    nvFARRAM     000000
__Lnvbit                       nvbit        000000
__Lnvrram                      nvrram       000000
__Lparam                       rparam       000000
__Lpowerup                     powerup      0001B8
__Lram                         ram          000000
__Lramtop                      ramtop       000300
__Lrbit                        rbit         000000
__Lrbss                        rbss         000000
__Lrdata                       rdata        000000
__Lreset_vec                   reset_vec    000000
__Lrparam                      rparam       000000
__Lsfr                         sfr          000000
__Lsmallconst                  smallconst   000000
__Lspace_0                     (abs)        000000
__Lspace_1                     (abs)        000000
__Lspace_2                     (abs)        000000
__Lstack                       stack        000000
__Lstruct                      struct       000000
__Ltemp                        temp         000028
__Ltext                        text         000000
__Ltext0                       text0        000000
__Ltext2                       text2        000000
__Ltext3                       text3        000000
__S0                           (abs)        30000E
__S1                           (abs)        000029
__S2                           (abs)        000000
___awdiv                       text2        0001BC
___awdiv@counter               cstackCOMRAM 000005
___awdiv@dividend              cstackCOMRAM 000001
___awdiv@divisor               cstackCOMRAM 000003
___awdiv@quotient              cstackCOMRAM 000007
___awdiv@sign                  cstackCOMRAM 000006
___inthi_sp                    stack        000000
___intlo_sp                    stack        000000
___param_bank                  (abs)        000010
___rparam_used                 (abs)        000001
___sp                          stack        000000
__accesstop                    (abs)        000060
__activetblptr                 (abs)        000000
__end_of_InterruptHandlerHigh  intcode      0001B8
__end_of_LEDout10              text3        000294
__end_of___awdiv               text2        000240
__end_of__initialization       cinit        000300
__end_of_main                  text0        0002DC
__initialization               cinit        0002DC
__mediumconst                  mediumconst  000000
__pbssCOMRAM                   bssCOMRAM    00001A
__pcinit                       cinit        0002DC
__pcstackCOMRAM                cstackCOMRAM 000001
__pdataCOMRAM                  dataCOMRAM   000026
__pidataCOMRAM                 idataCOMRAM  00030A
__pintcode                     intcode      000008
__ptext0                       text0        000294
__ptext2                       text2        0001BC
__ptext3                       text3        000240
__ramtop                       ramtop       000300
__size_of_InterruptHandlerHigh (abs)        000000
__size_of_LEDout10             (abs)        000000
__size_of___awdiv              (abs)        000000
__size_of_main                 (abs)        000000
__smallconst                   smallconst   000000
_counter                       bssCOMRAM    00001E
_dayCounter                    bssCOMRAM    000020
_main                          text0        000294
_midnight                      bssCOMRAM    000022
_nightLength                   bssCOMRAM    000024
_totalDayLength                dataCOMRAM   000026
btemp                          temp         000028
end_of_initialization          cinit        000300
int$flags                      temp         000028
intlevel0                      text         000000
intlevel1                      text         000000
intlevel2                      text         000000
intlevel3                      text         000000
stackhi                        (abs)        0002FF
stacklo                        (abs)        000060
start                          init         0001B8
start_initialization           cinit        0002DC


FUNCTION INFORMATION:

 *************** function _main *****************
 Defined at:
		line 75 in file "miniProj2.c"
 Parameters:    Size  Location     Type
		None
 Auto vars:     Size  Location     Type
		None
 Return value:  Size  Location     Type
		None               void
 Registers used:
		wreg, status,2
 Tracked objects:
		On entry : 
		On exit  : 
		Unchanged: 
 Data sizes:     COMRAM   BANK0   BANK1   BANK2
      Params:         0       0       0       0
      Locals:         0       0       0       0
      Temps:          0       0       0       0
      Totals:         0       0       0       0
Total ram usage:        0 bytes
 Hardware stack levels required when called:    2
 This function calls:
		Nothing
 This function is called by:
		Startup code after reset
 This function uses a non-reentrant model


 *************** function _InterruptHandlerHigh *****************
 Defined at:
		line 28 in file "miniProj2.c"
 Parameters:    Size  Location     Type
		None
 Auto vars:     Size  Location     Type
		None
 Return value:  Size  Location     Type
		None               void
 Registers used:
		wreg, status,2, status,0, cstack
 Tracked objects:
		On entry : 
		On exit  : 
		Unchanged: 
 Data sizes:     COMRAM   BANK0   BANK1   BANK2
      Params:         0       0       0       0
      Locals:         0       0       0       0
      Temps:         17       0       0       0
      Totals:        17       0       0       0
Total ram usage:       17 bytes
 Hardware stack levels used:    1
 Hardware stack levels required when called:    1
 This function calls:
		_LEDout10
		___awdiv
 This function is called by:
		Interrupt level 2
 This function uses a non-reentrant model


 *************** function ___awdiv *****************
 Defined at:
		line 8 in file "C:\Program Files (x86)\Microchip\xc8\v1.35\sources\common\awdiv.c"
 Parameters:    Size  Location     Type
  dividend        2    0[COMRAM] int 
  divisor         2    2[COMRAM] int 
 Auto vars:     Size  Location     Type
  quotient        2    6[COMRAM] int 
  sign            1    5[COMRAM] unsigned char 
  counter         1    4[COMRAM] unsigned char 
 Return value:  Size  Location     Type
                  2    0[COMRAM] int 
 Registers used:
		wreg, status,2, status,0
 Tracked objects:
		On entry : 
		On exit  : 
		Unchanged: 
 Data sizes:     COMRAM   BANK0   BANK1   BANK2
      Params:         4       0       0       0
      Locals:         4       0       0       0
      Temps:          0       0       0       0
      Totals:         8       0       0       0
Total ram usage:        8 bytes
 Hardware stack levels used:    1
 This function calls:
		Nothing
 This function is called by:
		_InterruptHandlerHigh
 This function uses a non-reentrant model


 *************** function _LEDout10 *****************
 Defined at:
		line 20 in file "miniProj2.c"
 Parameters:    Size  Location     Type
  number          2    0[COMRAM] int 
 Auto vars:     Size  Location     Type
		None
 Return value:  Size  Location     Type
		None               void
 Registers used:
		wreg, status,2, status,0
 Tracked objects:
		On entry : 
		On exit  : 
		Unchanged: 
 Data sizes:     COMRAM   BANK0   BANK1   BANK2
      Params:         2       0       0       0
      Locals:         0       0       0       0
      Temps:          4       0       0       0
      Totals:         6       0       0       0
Total ram usage:        6 bytes
 Hardware stack levels used:    1
 This function calls:
		Nothing
 This function is called by:
		_InterruptHandlerHigh
 This function uses a non-reentrant model



MODULE INFORMATION

Module		Function		Class		Link	Load	Size
C:\Program Files (x86)\Microchip\xc8\v1.35\sources\common\awdiv.c
		___awdiv       		CODE           	01BC	0000	133

C:\Program Files (x86)\Microchip\xc8\v1.35\sources\common\awdiv.c estimated size: 133

miniProj2.c
		_main          		CODE           	0294	0000	73
		_LEDout10      		CODE           	0240	0000	85
		_InterruptHandlerHigh		CODE           	0008	0000	433

miniProj2.c estimated size: 591

shared
		__initialization		CODE           	02DC	0000	37

shared estimated size: 37

