Microchip MPLAB XC8 Compiler V1.35 ()

Linker command line:

--edf=C:\Program Files (x86)\Microchip\xc8\v1.35\dat\en_msgs.txt -cs \
  -h+dist/default/production\LAB4.X.production.sym \
  --cmf=dist/default/production\LAB4.X.production.cmf -z -Q18F4331 \
  -oC:\Users\GR1514\AppData\Local\Temp\s8cg.2 \
  -Mdist/default/production/LAB4.X.production.map -E1 -ver=XC8 \
  -ASTACK=060h-02ffh -pstack=STACK -ACODE=00h-01FFFh -ACONST=00h-01FFFh \
  -ASMALLCONST=0300h-03FFhx29 -AMEDIUMCONST=0300h-01FFFh -ACOMRAM=01h-05Fh \
  -AABS1=00h-02FFh -ABIGRAM=01h-02FFh -ARAM=060h-0FFh,0100h-01FFhx2 \
  -ABANK0=060h-0FFh -ABANK1=0100h-01FFh -ABANK2=0200h-02FFh \
  -ASFR=0F60h-0FFFh -preset_vec=00h,intcode,intcodelo,powerup,init,end_init \
  -pramtop=0300h -psmallconst=SMALLCONST -pmediumconst=MEDIUMCONST \
  -pconst=CONST -AFARRAM=00h-00h -ACONFIG=0300000h-030000Dh -pconfig=CONFIG \
  -AIDLOC=0200000h-0200007h -pidloc=IDLOC -AEEDATA=0F00000h-0F000FFh \
  -peeprom_data=EEDATA \
  -prdata=COMRAM,nvrram=COMRAM,nvbit=COMRAM,rbss=COMRAM,rbit=COMRAM \
  -pfarbss=FARRAM,fardata=FARRAM,nvFARRAM=FARRAM \
  -pintsave_regs=BIGRAM,bigbss=BIGRAM,bigdata=BIGRAM -pbss=RAM \
  -pidata=CODE,irdata=CODE,ibigdata=CODE,ifardata=CODE -prparam=COMRAM \
  C:\Users\GR1514\AppData\Local\Temp\s8cg.obj \
  dist/default/production\LAB4.X.production.obj 

Object code version is 3.11

Machine type is 18F4331

Call graph: (short form)




                Name                               Link     Load   Length Selector   Space Scale
C:\Users\GR1514\AppData\Local\Temp\s8cg.obj
                end_init                              0        0        4        0       0
                idloc                            200000   200000        8   200000       0
                config                           300000   300000        E   300000       0
dist/default/production\LAB4.X.production.obj
                smallconst                          300      300       16      180       0
                text5                               7BE      7BE        E      18B       0
                text4                               6B4      6B4       74      18B       0
                text3                               756      756       2E      18B       0
                text2                               5EC      5EC       C8      18B       0
                text1                               784      784       28      18B       0
                text0                               316      316      2D6      18B       0
                cstackCOMRAM                          1        1       2D        1       1
                dataCOMRAM                           2E       2E       12        1       1
                cinit                               728      728       2E      18B       0
                idataCOMRAM                         7AC      7AC       12      18B       0

TOTAL           Name                               Link     Load   Length     Space
        CLASS   STACK          

        CLASS   CODE           
                end_init                              0        0        4         0
                text5                               7BE      7BE        E         0
                text4                               6B4      6B4       74         0
                text3                               756      756       2E         0
                text2                               5EC      5EC       C8         0
                text1                               784      784       28         0
                text0                               316      316      2D6         0
                cinit                               728      728       2E         0
                idataCOMRAM                         7AC      7AC       12         0

        CLASS   CONST          

        CLASS   SMALLCONST     
                smallconst                          300      300       16         0

        CLASS   MEDIUMCONST    

        CLASS   COMRAM         
                cstackCOMRAM                          1        1       2D         1
                dataCOMRAM                           2E       2E       12         1

        CLASS   ABS1           

        CLASS   BIGRAM         

        CLASS   RAM            

        CLASS   BANK0          

        CLASS   BANK1          

        CLASS   BANK2          

        CLASS   SFR            

        CLASS   FARRAM         

        CLASS   CONFIG         
                config                           300000   300000        E         0

        CLASS   IDLOC          
                idloc                            200000   200000        8         0

        CLASS   EEDATA         



SEGMENTS        Name                           Load    Length   Top    Selector   Space  Class

                reset_vec                      000000  000004  000004         0       0  CODE    
                cstackCOMRAM                   000001  00003F  000040         1       1  COMRAM  
                smallconst                     000300  000016  000316       180       0  SMALLCON
                text0                          000316  0004B6  0007CC       18B       0  CODE    
                idloc                          200000  000008  200008    200000       0  IDLOC   
                config                         300000  00000E  30000E    300000       0  CONFIG  


UNUSED ADDRESS RANGES

        Name                Unused          Largest block    Delta
        BANK0            000060-0000FF               A0
        BANK1            000100-0001FF              100
        BANK2            000200-0002FF              100
        BIGRAM           000040-0002FF              2C0
        CODE             000004-0002FF              2FC
                         0007CC-001FFF             1834
        COMRAM           000040-00005F               20
        CONST            000004-0002FF              2FC
                         0007CC-001FFF             1834
        EEDATA           F00000-F000FF              100
        MEDIUMCONST      0007CC-001FFF             1834
        RAM              000060-0002FF              100
        SFR              000F60-000FFF               A0
        SMALLCONST       0007CC-001FFF              100
        STACK            000060-0002FF              2A0

                                  Symbol Table

LCDout@number            cstackCOMRAM 000002
SendLCD@Byte             cstackCOMRAM 000004
SendLCD@type             cstackCOMRAM 000003
SetLine@line             cstackCOMRAM 000005
_ADCON0                  (abs)        000FC2
_ADCON0bits              (abs)        000FC2
_ADCON1                  (abs)        000FC1
_ADCON2                  (abs)        000FC0
_ADRESH                  (abs)        000FC4
_ADRESL                  (abs)        000FC3
_ANSEL0                  (abs)        000FB8
_ANSEL1                  (abs)        000FB9
_E_TOG                   text5        0007BE
_LATAbits                (abs)        000F89
_LATCbits                (abs)        000F8B
_LATDbits                (abs)        000F8C
_LCD_Init                text2        0005EC
_LCDout                  text4        0006B4
_OSCCON                  (abs)        000FD3
_OSCCONbits              (abs)        000FD3
_SendLCD                 text3        000756
_SetLine                 text1        000784
_TRISAbits               (abs)        000F92
_TRISCbits               (abs)        000F94
_TRISDbits               (abs)        000F95
__CFG_OSC$IRCIO          (abs)        000000
__CFG_WDTEN$OFF          (abs)        000000
__HRAM                   (abs)        000000
__Habs1                  abs1         000000
__Hbank0                 bank0        000000
__Hbank1                 bank1        000000
__Hbank2                 bank2        000000
__Hbigbss                bigbss       000000
__Hbigdata               bigdata      000000
__Hbigram                bigram       000000
__Hbss                   bss          000000
__Hcinit                 cinit        000000
__Hclrtext               clrtext      000000
__Hcomram                comram       000000
__Hconfig                config       30000E
__Hconst                 const        000000
__HcstackCOMRAM          cstackCOMRAM 000000
__Hdata                  data         000000
__HdataCOMRAM            dataCOMRAM   000000
__Heeprom_data           eeprom_data  000000
__Hend_init              end_init     000004
__Hfarbss                farbss       000000
__Hfardata               fardata      000000
__Hibigdata              ibigdata     000000
__Hidata                 idata        000000
__HidataCOMRAM           idataCOMRAM  000000
__Hidloc                 idloc        200008
__Hifardata              ifardata     000000
__Hinit                  init         000000
__Hintcode               intcode      000000
__Hintcode_body          intcode_body 000000
__Hintcodelo             intcodelo    000000
__Hintentry              intentry     000000
__Hintret                intret       000000
__Hintsave_regs          intsave_regs 000000
__Hirdata                irdata       000000
__Hmediumconst           mediumconst  000000
__HnvFARRAM              nvFARRAM     000000
__Hnvbit                 nvbit        000000
__Hnvrram                nvrram       000000
__Hparam                 rparam       000000
__Hpowerup               powerup      000000
__Hram                   ram          000000
__Hramtop                ramtop       000300
__Hrbit                  rbit         000000
__Hrbss                  rbss         000000
__Hrdata                 rdata        000000
__Hreset_vec             reset_vec    000000
__Hrparam                rparam       000000
__Hsfr                   sfr          000000
__Hsmallconst            smallconst   000316
__Hspace_0               (abs)        30000E
__Hspace_1               (abs)        000040
__Hspace_2               (abs)        000000
__Hstack                 stack        000000
__Hstruct                struct       000000
__Htemp                  temp         000000
__Htext                  text         000000
__Htext0                 text0        000000
__Htext1                 text1        000000
__Htext2                 text2        000000
__Htext3                 text3        000000
__Htext4                 text4        000000
__Htext5                 text5        000000
__LRAM                   (abs)        000001
__Labs1                  abs1         000000
__Lbank0                 bank0        000000
__Lbank1                 bank1        000000
__Lbank2                 bank2        000000
__Lbigbss                bigbss       000000
__Lbigdata               bigdata      000000
__Lbigram                bigram       000000
__Lbss                   bss          000000
__Lcinit                 cinit        000000
__Lclrtext               clrtext      000000
__Lcomram                comram       000000
__Lconfig                config       300000
__Lconst                 const        000000
__LcstackCOMRAM          cstackCOMRAM 000000
__Ldata                  data         000000
__LdataCOMRAM            dataCOMRAM   000000
__Leeprom_data           eeprom_data  000000
__Lend_init              end_init     000000
__Lfarbss                farbss       000000
__Lfardata               fardata      000000
__Libigdata              ibigdata     000000
__Lidata                 idata        000000
__LidataCOMRAM           idataCOMRAM  000000
__Lidloc                 idloc        200000
__Lifardata              ifardata     000000
__Linit                  init         000000
__Lintcode               intcode      000000
__Lintcode_body          intcode_body 000000
__Lintcodelo             intcodelo    000000
__Lintentry              intentry     000000
__Lintret                intret       000000
__Lintsave_regs          intsave_regs 000000
__Lirdata                irdata       000000
__Lmediumconst           mediumconst  000000
__LnvFARRAM              nvFARRAM     000000
__Lnvbit                 nvbit        000000
__Lnvrram                nvrram       000000
__Lparam                 rparam       000000
__Lpowerup               powerup      000000
__Lram                   ram          000000
__Lramtop                ramtop       000300
__Lrbit                  rbit         000000
__Lrbss                  rbss         000000
__Lrdata                 rdata        000000
__Lreset_vec             reset_vec    000000
__Lrparam                rparam       000000
__Lsfr                   sfr          000000
__Lsmallconst            smallconst   000300
__Lspace_0               (abs)        000000
__Lspace_1               (abs)        000000
__Lspace_2               (abs)        000000
__Lstack                 stack        000000
__Lstruct                struct       000000
__Ltemp                  temp         000000
__Ltext                  text         000000
__Ltext0                 text0        000000
__Ltext1                 text1        000000
__Ltext2                 text2        000000
__Ltext3                 text3        000000
__Ltext4                 text4        000000
__Ltext5                 text5        000000
__S0                     (abs)        30000E
__S1                     (abs)        000040
__S2                     (abs)        000000
___inthi_sp              stack        000000
___intlo_sp              stack        000000
___param_bank            (abs)        000010
___rparam_used           (abs)        000001
___sp                    stack        000000
__accesstop              (abs)        000060
__activetblptr           (abs)        000001
__end_of_E_TOG           text5        0007CC
__end_of_LCD_Init        text2        0006B4
__end_of_LCDout          text4        000728
__end_of_SendLCD         text3        000784
__end_of_SetLine         text1        0007AC
__end_of__initialization cinit        000748
__end_of_dpowers         smallconst   00030B
__end_of_main            text0        0005EC
__initialization         cinit        000728
__mediumconst            mediumconst  000000
__pcinit                 cinit        000728
__pcstackCOMRAM          cstackCOMRAM 000001
__pdataCOMRAM            dataCOMRAM   00002E
__pidataCOMRAM           idataCOMRAM  0007AC
__psmallconst            smallconst   000300
__ptext0                 text0        000316
__ptext1                 text1        000784
__ptext2                 text2        0005EC
__ptext3                 text3        000756
__ptext4                 text4        0006B4
__ptext5                 text5        0007BE
__ramtop                 ramtop       000300
__size_of_E_TOG          (abs)        000000
__size_of_LCD_Init       (abs)        000000
__size_of_LCDout         (abs)        000000
__size_of_SendLCD        (abs)        000000
__size_of_SetLine        (abs)        000000
__size_of_main           (abs)        000000
__smallconst             smallconst   000300
_main                    text0        000316
end_of_initialization    cinit        000748
intlevel0                text         000000
intlevel1                text         000000
intlevel2                text         000000
intlevel3                text         000000
main@ADResult            cstackCOMRAM 00001D
main@F3841               dataCOMRAM   00002E
main@F3843               dataCOMRAM   000031
main@F3845               dataCOMRAM   000034
main@F3847               dataCOMRAM   000037
main@F3849               dataCOMRAM   00003A
main@F3851               dataCOMRAM   00003D
main@characterA_bottom   cstackCOMRAM 00000C
main@characterA_top      cstackCOMRAM 000009
main@characterB_bottom   cstackCOMRAM 000012
main@characterB_top      cstackCOMRAM 00000F
main@characterC_bottom   cstackCOMRAM 000018
main@characterC_top      cstackCOMRAM 000015
main@characterCounter    cstackCOMRAM 00002D
main@counter             cstackCOMRAM 00001F
main@delayTime           cstackCOMRAM 000007
main@i                   cstackCOMRAM 00001B
main@i_598               cstackCOMRAM 000020
main@i_599               cstackCOMRAM 000022
main@i_600               cstackCOMRAM 000024
main@i_601               cstackCOMRAM 000026
main@i_602               cstackCOMRAM 000028
main@i_603               cstackCOMRAM 00002A
main@shiftCounter        cstackCOMRAM 00002C
stackhi                  (abs)        0002FF
stacklo                  (abs)        000060
start                    init         000000
start_initialization     cinit        000728


FUNCTION INFORMATION:

 *************** function _main *****************
 Defined at:
		line 153 in file "animation.c"
 Parameters:    Size  Location     Type
		None
 Auto vars:     Size  Location     Type
  i               2   41[COMRAM] int 
  i               2   39[COMRAM] int 
  i               2   37[COMRAM] int 
  i               2   35[COMRAM] int 
  i               2   33[COMRAM] int 
  i               2   31[COMRAM] int 
  i               2   26[COMRAM] int 
  counter         1   30[COMRAM] unsigned char 
  characterC_b    3   23[COMRAM] unsigned char [3]
  characterC_t    3   20[COMRAM] unsigned char [3]
  characterB_b    3   17[COMRAM] unsigned char [3]
  characterB_t    3   14[COMRAM] unsigned char [3]
  characterA_b    3   11[COMRAM] unsigned char [3]
  characterA_t    3    8[COMRAM] unsigned char [3]
  ADResult        2   28[COMRAM] int 
  delayTime       2    6[COMRAM] int 
  characterCou    1   44[COMRAM] unsigned char 
  shiftCounter    1   43[COMRAM] unsigned char 
 Return value:  Size  Location     Type
		None               void
 Registers used:
		wreg, fsr2l, fsr2h, status,2, status,0, cstack
 Tracked objects:
		On entry : 
		On exit  : 
		Unchanged: 
 Data sizes:     COMRAM   BANK0   BANK1   BANK2
      Params:         0       0       0       0
      Locals:        39       0       0       0
      Temps:          1       0       0       0
      Totals:        40       0       0       0
Total ram usage:       40 bytes
 Hardware stack levels required when called:    4
 This function calls:
		_LCD_Init
		_SendLCD
		_SetLine
 This function is called by:
		Startup code after reset
 This function uses a non-reentrant model


 *************** function _SetLine *****************
 Defined at:
		line 113 in file "animation.c"
 Parameters:    Size  Location     Type
  line            1    wreg     unsigned char 
 Auto vars:     Size  Location     Type
  line            1    4[COMRAM] unsigned char 
 Return value:  Size  Location     Type
		None               void
 Registers used:
		wreg, status,2, status,0, cstack
 Tracked objects:
		On entry : 
		On exit  : 
		Unchanged: 
 Data sizes:     COMRAM   BANK0   BANK1   BANK2
      Params:         0       0       0       0
      Locals:         1       0       0       0
      Temps:          0       0       0       0
      Totals:         1       0       0       0
Total ram usage:        1 bytes
 Hardware stack levels used:    1
 Hardware stack levels required when called:    3
 This function calls:
		_SendLCD
 This function is called by:
		_main
 This function uses a non-reentrant model


 *************** function _LCD_Init *****************
 Defined at:
		line 63 in file "animation.c"
 Parameters:    Size  Location     Type
		None
 Auto vars:     Size  Location     Type
		None
 Return value:  Size  Location     Type
		None               void
 Registers used:
		wreg, status,2, status,0, cstack
 Tracked objects:
		On entry : 
		On exit  : 
		Unchanged: 
 Data sizes:     COMRAM   BANK0   BANK1   BANK2
      Params:         0       0       0       0
      Locals:         0       0       0       0
      Temps:          1       0       0       0
      Totals:         1       0       0       0
Total ram usage:        1 bytes
 Hardware stack levels used:    1
 Hardware stack levels required when called:    3
 This function calls:
		_LCDout
		_SendLCD
 This function is called by:
		_main
 This function uses a non-reentrant model


 *************** function _SendLCD *****************
 Defined at:
		line 51 in file "animation.c"
 Parameters:    Size  Location     Type
  Byte            1    wreg     unsigned char 
  type            1    2[COMRAM] unsigned char 
 Auto vars:     Size  Location     Type
  Byte            1    3[COMRAM] unsigned char 
 Return value:  Size  Location     Type
		None               void
 Registers used:
		wreg, status,2, status,0, cstack
 Tracked objects:
		On entry : 
		On exit  : 
		Unchanged: 
 Data sizes:     COMRAM   BANK0   BANK1   BANK2
      Params:         1       0       0       0
      Locals:         1       0       0       0
      Temps:          0       0       0       0
      Totals:         2       0       0       0
Total ram usage:        2 bytes
 Hardware stack levels used:    1
 Hardware stack levels required when called:    2
 This function calls:
		_LCDout
 This function is called by:
		_LCD_Init
		_SetLine
		_main
		_LCD_String
		_intAndFracDisplay
		_shiftDisplay
 This function uses a non-reentrant model


 *************** function _LCDout *****************
 Defined at:
		line 36 in file "animation.c"
 Parameters:    Size  Location     Type
  number          1    wreg     unsigned char 
 Auto vars:     Size  Location     Type
  number          1    1[COMRAM] unsigned char 
 Return value:  Size  Location     Type
		None               void
 Registers used:
		wreg, status,2, status,0, cstack
 Tracked objects:
		On entry : 
		On exit  : 
		Unchanged: 
 Data sizes:     COMRAM   BANK0   BANK1   BANK2
      Params:         0       0       0       0
      Locals:         1       0       0       0
      Temps:          1       0       0       0
      Totals:         2       0       0       0
Total ram usage:        2 bytes
 Hardware stack levels used:    1
 Hardware stack levels required when called:    1
 This function calls:
		_E_TOG
 This function is called by:
		_SendLCD
		_LCD_Init
 This function uses a non-reentrant model


 *************** function _E_TOG *****************
 Defined at:
		line 28 in file "animation.c"
 Parameters:    Size  Location     Type
		None
 Auto vars:     Size  Location     Type
		None
 Return value:  Size  Location     Type
		None               void
 Registers used:
		wreg
 Tracked objects:
		On entry : 
		On exit  : 
		Unchanged: 
 Data sizes:     COMRAM   BANK0   BANK1   BANK2
      Params:         0       0       0       0
      Locals:         0       0       0       0
      Temps:          0       0       0       0
      Totals:         0       0       0       0
Total ram usage:        0 bytes
 Hardware stack levels used:    1
 This function calls:
		Nothing
 This function is called by:
		_LCDout
 This function uses a non-reentrant model



MODULE INFORMATION

Module		Function		Class		Link	Load	Size
animation.c
		_SetLine       		CODE           	0784	0000	41
		_LCD_Init      		CODE           	05EC	0000	201
		_main          		CODE           	0316	0000	727
		_SendLCD       		CODE           	0756	0000	47
		_E_TOG         		CODE           	07BE	0000	15
		_LCDout        		CODE           	06B4	0000	117

animation.c estimated size: 1148

shared
		_dpowers       		SMALLCONST     	0000	0000	0
		__initialization		CODE           	0728	0000	33

shared estimated size: 33

